
> maxwell@0.1.0 build
> next build

npm : Warning: Custom Cache-Control headers detected for the following routes:
At C:\Users\advance safe\AppData\Local\Temp\ps-script-df1d5844-b0cc-4d59-95c0-a32e859707d8.ps1:86 char:54
+ ... rs\advance safe\OneDrive\Desktop\maxwell"; npm run build 2>&1 | Tee-O ...
+                                                ~~~~~~~~~~~~~~~~~~
    + CategoryInfo          : NotSpecified: (Warning: Custom...llowing routes::String) [], RemoteException
    + FullyQualifiedErrorId : NativeCommandError
 
  - /_next/static/:path*

Setting a custom Cache-Control header can break Next.js development behavior.
Γû▓ Next.js 16.2.7 (Turbopack)
- Environments: .env.local
- Experiments (use with caution):
  ┬╖ optimizePackageImports

  Creating an optimized production build ...
(node:32736) Warning: Setting the NODE_TLS_REJECT_UNAUTHORIZED environment variable to '0' makes TLS connections and 
HTTPS requests insecure by disabling certificate verification.
(Use `node --trace-warnings ...` to show where the warning was created)
Γ£ô Compiled successfully in 10.2s
  Running TypeScript ...
  Finished TypeScript in 12.0s ...
  Collecting page data using 23 workers ...
  Generating static pages using 23 workers (0/935) ...
  Generating static pages using 23 workers (233/935) 
  Generating static pages using 23 workers (467/935) 
  Generating static pages using 23 workers (701/935) 
Γ£ô Generating static pages using 23 workers (935/935) in 8.2s
  Finalizing page optimization ...

Route (app)
Γöî Γùï /
Γö£ Γùï /_not-found
Γö£ Γùï /about
Γö£ Γùï /about/team
Γö£ Γùï /admin/login
Γö£ Γùï /admin/site-audit
Γö£ Γùï /answers
Γö£ ΓùÅ /answers/[slug]
Γöé Γö£ /answers/best-erp-for-manufacturing
Γöé Γö£ /answers/erp-implementation-cost
Γöé Γö£ /answers/erp-vs-crm-which-one
Γöé Γöö [+3 more paths]
Γö£ ╞Æ /api/admin/session
Γö£ ╞Æ /api/contact
Γö£ ╞Æ /api/leads
Γö£ ╞Æ /api/newsletter
Γö£ Γùï /apple-icon.png
Γö£ Γùï /authors
Γö£ ΓùÅ /authors/[slug]
Γöé Γö£ /authors/rajesh-mehta
Γöé Γö£ /authors/priya-sharma
Γöé Γö£ /authors/amit-patel
Γöé Γöö [+7 more paths]
Γö£ Γùï /blog
Γö£ ΓùÅ /blog/[slug]
Γöé Γö£ /blog/nextjs-enterprise-website-architecture
Γöé Γö£ /blog/core-web-vitals-checklist
Γöé Γö£ /blog/b2b-website-conversion-patterns
Γöé Γöö [+54 more paths]
Γö£ ╞Æ /book-consultation
Γö£ Γùï /careers
Γö£ Γùï /case-studies
Γö£ ΓùÅ /case-studies/[slug]
Γöé Γö£ /case-studies/manufacturing-erp
Γöé Γö£ /case-studies/healthcare-management
Γöé Γö£ /case-studies/logistics-platform
Γöé Γöö [+10 more paths]
Γö£ Γùï /citation-guides
Γö£ Γùï /company
Γö£ Γùï /compare
Γö£ ΓùÅ /compare/[slug]
Γöé Γö£ /compare/erp-vs-crm
Γöé Γö£ /compare/custom-erp-vs-sap
Γöé Γö£ /compare/odoo-vs-custom-erp
Γöé Γöö [+58 more paths]
Γö£ Γùï /contact
Γö£ Γùï /cookie-policy
Γö£ Γùï /cost
Γö£ ΓùÅ /cost/[slug]
Γöé Γö£ /cost/erp-development-cost-india
Γöé Γö£ /cost/erp-development-cost-usa
Γöé Γö£ /cost/erp-development-cost-uk
Γöé Γöö [+461 more paths]
Γö£ Γùï /data-processing
Γö£ Γùï /disclaimer
Γö£ Γùï /discovery-call
Γö£ Γùï /eeat-audit
Γö£ Γùï /engagement-models
Γö£ ╞Æ /feed.xml
Γö£ Γùï /founder-insights
Γö£ Γùï /get-estimate
Γö£ Γùï /guides
Γö£ ΓùÅ /guides/[slug]
Γöé Γö£ /guides/complete-erp-development-guide
Γöé Γö£ /guides/ai-implementation-guide
Γöé Γö£ /guides/mobile-app-development-guide
Γöé Γöö [+7 more paths]
Γö£ Γùï /icon.png
Γö£ Γùï /industries
Γö£ ΓùÅ /industries/[slug]
Γöé Γö£ /industries/manufacturing
Γöé Γö£ /industries/healthcare
Γöé Γö£ /industries/education
Γöé Γöö [+43 more paths]
Γö£ ΓùÅ /industries/[slug]/[service]
Γö£ Γùï /knowledge-center
Γö£ Γùï /locations
Γö£ ΓùÅ /locations/[country]
Γöé Γö£ /locations/india
Γöé Γö£ /locations/usa
Γöé Γö£ /locations/uk
Γöé Γöö [+5 more paths]
Γö£ ΓùÅ /locations/[country]/[city]
Γöé Γö£ /locations/india/gujarat
Γöé Γö£ /locations/india/vadodara
Γöé Γö£ /locations/india/ahmedabad
Γöé Γöö [+48 more paths]
Γö£ ΓùÅ /locations/[country]/[city]/[service]
Γö£ Γùï /manifest.webmanifest
Γö£ Γùï /opengraph-image
Γö£ Γùï /portal
Γö£ Γùï /portal/dashboard
Γö£ Γùï /portal/documents
Γö£ Γùï /portal/invoices
Γö£ Γùï /portal/login
Γö£ Γùï /portal/meetings
Γö£ Γùï /portal/onboarding
Γö£ Γùï /portal/projects
Γö£ ΓùÅ /portal/projects/[id]
Γöé Γö£ /portal/projects/proj-1
Γöé Γöö /portal/projects/proj-2
Γö£ Γùï /portal/proposals
Γö£ ΓùÅ /portal/proposals/[id]
Γöé Γö£ /portal/proposals/prop-1
Γöé Γö£ /portal/proposals/prop-2
Γöé Γöö /portal/proposals/prop-3
Γö£ Γùï /portal/settings
Γö£ Γùï /portal/support
Γö£ Γùï /privacy-policy
Γö£ Γùï /process
Γö£ Γùï /project-calculator
Γö£ Γùï /project-gallery
Γö£ Γùï /reports
Γö£ ΓùÅ /reports/[slug]
Γöé Γö£ /reports/digital-transformation-manufacturing
Γöé Γö£ /reports/healthcare-software-trends
Γöé Γö£ /reports/ai-adoption-industry
Γöé Γöö [+5 more paths]
Γö£ Γùï /research
Γö£ ΓùÅ /resource-centers/[slug]
Γöé Γö£ /resource-centers/manufacturing
Γöé Γö£ /resource-centers/chemical
Γöé Γö£ /resource-centers/textile
Γöé Γöö /resource-centers/pharma
Γö£ Γùï /resources
Γö£ ΓùÅ /resources/[slug]
Γöé Γö£ /resources/erp-readiness-checklist
Γöé Γö£ /resources/crm-implementation-guide
Γöé Γö£ /resources/ai-adoption-framework
Γöé Γöö [+11 more paths]
Γö£ Γùï /reviews
Γö£ Γùï /robots.txt
Γö£ ╞Æ /search
Γö£ Γùï /security
Γö£ Γùï /services
Γö£ ΓùÅ /services/[slug]
Γöé Γö£ /services/website-development
Γöé Γö£ /services/custom-software-development
Γöé Γö£ /services/mobile-app-development
Γöé Γöö [+20 more paths]
Γö£ ΓùÅ /services/-/opengraph-image
Γöé Γö£ /services/website-development/opengraph-image
Γöé Γö£ /services/custom-software-development/opengraph-image
Γöé Γö£ /services/mobile-app-development/opengraph-image
Γöé Γöö [+20 more paths]
Γö£ ╞Æ /sitemap-compare.xml
Γö£ ╞Æ /sitemap-content.xml
Γö£ ╞Æ /sitemap-cost.xml
Γö£ ╞Æ /sitemap-industries.xml
Γö£ ╞Æ /sitemap-locations.xml
Γö£ ╞Æ /sitemap-pages.xml
Γö£ ╞Æ /sitemap-services.xml
Γö£ ╞Æ /sitemap-solutions.xml
Γö£ ╞Æ /sitemap-tools.xml
Γö£ ╞Æ /sitemap-work.xml
Γö£ Γùï /sitemap.xml
Γö£ Γùï /solutions
Γö£ ΓùÅ /solutions/[slug]
Γöé Γö£ /solutions/software-development-company
Γöé Γö£ /solutions/erp-development-company
Γöé Γö£ /solutions/crm-development-company
Γöé Γöö [+24 more paths]
Γö£ Γùï /team
Γö£ Γùï /terms-of-service
Γö£ Γùï /thank-you
Γö£ Γùï /tools
Γö£ Γùï /tools/ai-readiness-assessment
Γö£ Γùï /tools/crm-requirement-generator
Γö£ Γùï /tools/crm-roi-calculator
Γö£ Γùï /tools/digital-transformation-assessment
Γö£ Γùï /tools/erp-requirement-generator
Γö£ Γùï /tools/erp-roi-calculator
Γö£ Γùï /tools/project-roadmap
Γö£ Γùï /tools/project-timeline-estimator
Γö£ Γùï /tools/proposal-generator
Γö£ Γùï /tools/rfp-builder
Γö£ Γùï /tools/roi-calculator
Γö£ Γùï /tools/software-cost-calculator
Γö£ Γùï /tools/team-size-calculator
Γö£ Γùï /tools/tech-stack-advisor
Γö£ Γùï /tools/vendor-comparison-scorecard
Γö£ Γùï /videos
Γö£ Γùï /why-maxwell
Γö£ Γùï /work
Γöö ΓùÅ /work/[slug]
  Γö£ /work/manufacturing-erp-platform
  Γö£ /work/healthcare-management-system
  Γö£ /work/logistics-tracking-platform
  Γöö [+5 more paths]


╞Æ Proxy (Middleware)

Γùï  (Static)   prerendered as static content
ΓùÅ  (SSG)      prerendered as static HTML (uses generateStaticParams)
╞Æ  (Dynamic)  server-rendered on demand

